Flow report for sdram_test
Wed Jan 11 13:33:13 2017
Quartus II Version 9.1 Build 222 10/21/2009 SJ Web Edition


---------------------
; Table of Contents ;
---------------------
  1. Legal Notice
  2. Flow Summary
  3. Flow Settings
  4. Flow Non-Default Global Settings
  5. Flow Elapsed Time
  6. Flow OS Summary
  7. Flow Log



----------------
; Legal Notice ;
----------------
Copyright (C) 1991-2009 Altera Corporation
Your use of Altera Corporation's design tools, logic functions 
and other software and tools, and its AMPP partner logic 
functions, and any output files from any of the foregoing 
(including device programming or simulation files), and any 
associated documentation or information are expressly subject 
to the terms and conditions of the Altera Program License 
Subscription Agreement, Altera MegaCore Function License 
Agreement, or other applicable license agreement, including, 
without limitation, that your use is for the sole purpose of 
programming logic devices manufactured by Altera and sold by 
Altera or its authorized distributors.  Please refer to the 
applicable agreement for further details.



+------------------------------------------------------------------------------+
; Flow Summary                                                                 ;
+------------------------------------+-----------------------------------------+
; Flow Status                        ; Successful - Wed Jan 11 13:33:13 2017   ;
; Quartus II Version                 ; 9.1 Build 222 10/21/2009 SJ Web Edition ;
; Revision Name                      ; sdram_test                              ;
; Top-level Entity Name              ; system_module                           ;
; Family                             ; Cyclone III                             ;
; Device                             ; EP3C40F484C8                            ;
; Timing Models                      ; Final                                   ;
; Met timing requirements            ; N/A                                     ;
; Total logic elements               ; 532 / 39,600 ( 1 % )                    ;
;     Total combinational functions  ; 531 / 39,600 ( 1 % )                    ;
;     Dedicated logic registers      ; 318 / 39,600 ( < 1 % )                  ;
; Total registers                    ; 318                                     ;
; Total pins                         ; 73 / 332 ( 22 % )                       ;
; Total virtual pins                 ; 0                                       ;
; Total memory bits                  ; 8,192 / 1,161,216 ( < 1 % )             ;
; Embedded Multiplier 9-bit elements ; 0 / 252 ( 0 % )                         ;
; Total PLLs                         ; 1 / 4 ( 25 % )                          ;
+------------------------------------+-----------------------------------------+


+-----------------------------------------+
; Flow Settings                           ;
+-------------------+---------------------+
; Option            ; Setting             ;
+-------------------+---------------------+
; Start date & time ; 01/11/2017 13:32:50 ;
; Main task         ; Compilation         ;
; Revision Name     ; sdram_test          ;
+-------------------+---------------------+


+--------------------------------------------------------------------------------------------------------------------------------------------------------------------------------------+
; Flow Non-Default Global Settings                                                                                                                                                     ;
+-------------------------------------+-----------------------------------------------------------------------------------------------+---------------+---------------+----------------+
; Assignment Name                     ; Value                                                                                         ; Default Value ; Entity Name   ; Section Id     ;
+-------------------------------------+-----------------------------------------------------------------------------------------------+---------------+---------------+----------------+
; COMPILER_SIGNATURE_ID               ; 128527087259069.148416317004580                                                               ; --            ; --            ; --             ;
; EDA_GENERATE_FUNCTIONAL_NETLIST     ; On                                                                                            ; --            ; --            ; eda_simulation ;
; EDA_OUTPUT_DATA_FORMAT              ; Verilog Hdl                                                                                   ; --            ; --            ; eda_simulation ;
; EDA_SIMULATION_TOOL                 ; ModelSim-Altera (Verilog)                                                                     ; <None>        ; --            ; --             ;
; EDA_TIME_SCALE                      ; 1 ps                                                                                          ; --            ; --            ; eda_simulation ;
; IP_TOOL_NAME                        ; FIFO                                                                                          ; --            ; --            ; --             ;
; IP_TOOL_VERSION                     ; 9.1                                                                                           ; --            ; --            ; --             ;
; MAX_CORE_JUNCTION_TEMP              ; 85                                                                                            ; --            ; --            ; --             ;
; MIN_CORE_JUNCTION_TEMP              ; 0                                                                                             ; --            ; --            ; --             ;
; MISC_FILE                           ; D:/WorkSpace/FermiLab/FPGA/SDRAM-v05-05/sdram_test.dpf                                        ; --            ; --            ; --             ;
; MISC_FILE                           ; D:/WorkSpace/FermiLab/FPGA/DauughterCardRWtest-1/sdram_test.dpf                               ; --            ; --            ; --             ;
; MISC_FILE                           ; D:/WorkSpace/FermiLab/FPGA/DauughterCardRWtest-1-1/sdram_test.dpf                             ; --            ; --            ; --             ;
; MISC_FILE                           ; wfifo.bsf                                                                                     ; --            ; --            ; --             ;
; MISC_FILE                           ; wfifo_bb.v                                                                                    ; --            ; --            ; --             ;
; MISC_FILE                           ; D:/WorkSpace/FermiLab/FPGA/DauughterCardRWtest-1-2/sdram_test.dpf                             ; --            ; --            ; --             ;
; MISC_FILE                           ; D:/WorkSpace/FermiLab/FPGA/DaughterCardRWtest-1-2/sdram_test.dpf                              ; --            ; --            ; --             ;
; MISC_FILE                           ; D:/WorkSpace/FermiLab/FPGA/DaughterCardRWtest-3-1 add two words after rd_bstop/sdram_test.dpf ; --            ; --            ; --             ;
; MISC_FILE                           ; D:/WorkSpace/FermiLab/FPGA/DaughterCardRWtest-3-1/sdram_test.dpf                              ; --            ; --            ; --             ;
; PARTITION_COLOR                     ; 16764057                                                                                      ; --            ; system_module ; Top            ;
; PARTITION_FITTER_PRESERVATION_LEVEL ; PLACEMENT_AND_ROUTING                                                                         ; --            ; system_module ; Top            ;
; PARTITION_NETLIST_TYPE              ; SOURCE                                                                                        ; --            ; system_module ; Top            ;
; TOP_LEVEL_ENTITY                    ; system_module                                                                                 ; sdram_test    ; --            ; --             ;
+-------------------------------------+-----------------------------------------------------------------------------------------------+---------------+---------------+----------------+


+-------------------------------------------------------------------------------------------------------------------------------+
; Flow Elapsed Time                                                                                                             ;
+---------------------------+--------------+-------------------------+---------------------+------------------------------------+
; Module Name               ; Elapsed Time ; Average Processors Used ; Peak Virtual Memory ; Total CPU Time (on all processors) ;
+---------------------------+--------------+-------------------------+---------------------+------------------------------------+
; Analysis & Synthesis      ; 00:00:04     ; 1.0                     ; 207 MB              ; 00:00:04                           ;
; Fitter                    ; 00:00:11     ; 1.0                     ; 267 MB              ; 00:00:10                           ;
; TimeQuest Timing Analyzer ; 00:00:04     ; 1.0                     ; 207 MB              ; 00:00:04                           ;
; Assembler                 ; 00:00:03     ; 1.0                     ; 246 MB              ; 00:00:03                           ;
; EDA Netlist Writer        ; 00:00:00     ; 1.0                     ; 159 MB              ; 00:00:01                           ;
; Total                     ; 00:00:19     ; --                      ; --                  ; 00:00:19                           ;
+---------------------------+--------------+-------------------------+---------------------+------------------------------------+


+--------------------------------------------------------------------------------------------+
; Flow OS Summary                                                                            ;
+---------------------------+------------------+---------------+------------+----------------+
; Module Name               ; Machine Hostname ; OS Name       ; OS Version ; Processor type ;
+---------------------------+------------------+---------------+------------+----------------+
; Analysis & Synthesis      ; neocosmos-PC     ; Windows Vista ; 6.1        ; i686           ;
; Fitter                    ; neocosmos-PC     ; Windows Vista ; 6.1        ; i686           ;
; Assembler                 ; neocosmos-PC     ; Windows Vista ; 6.1        ; i686           ;
; TimeQuest Timing Analyzer ; neocosmos-PC     ; Windows Vista ; 6.1        ; i686           ;
; EDA Netlist Writer        ; neocosmos-PC     ; Windows Vista ; 6.1        ; i686           ;
+---------------------------+------------------+---------------+------------+----------------+


------------
; Flow Log ;
------------
quartus_map --read_settings_files=on --write_settings_files=off sdram_test -c sdram_test
quartus_fit --read_settings_files=off --write_settings_files=off sdram_test -c sdram_test
quartus_asm --read_settings_files=off --write_settings_files=off sdram_test -c sdram_test
quartus_sta sdram_test -c sdram_test
quartus_eda --read_settings_files=off --write_settings_files=off sdram_test -c sdram_test



